main.c:138:7:baca_potensio	8	static
main.c:147:6:GetPOTENSIO	8	static
main.c:150:6:HMC5883LInit	24	static
main.c:162:7:bacaheading	16	static
main.c:179:6:GetHMC5893L	8	static
main.c:184:6:cek_heading	16	static
main.c:191:6:SetDriverMotor_yaw	16	static
main.c:204:6:SetDriverMotor_pitch	16	static
main.c:218:6:gps_parse	88	static
main.c:275:6:baca_input	40	static
main.c:305:6:PID_PITCH	16	static
main.c:336:6:PID_YAW	8	static
main.c:370:6:input_data_wahana	16	static
main.c:429:6:kirim_GCS	208	static
main.c:441:5:main	24	static
main.c:533:6:SystemClock_Config	88	static
main.c:577:13:MX_ADC1_Init	24	static
main.c:627:13:MX_I2C3_Init	8	static
main.c:661:13:MX_TIM2_Init	64	static
main.c:724:13:MX_UART4_Init	8	static
main.c:757:13:MX_USART1_UART_Init	8	static
main.c:790:13:MX_USART3_UART_Init	8	static
main.c:821:13:MX_DMA_Init	16	static
main.c:846:13:MX_GPIO_Init	56	static
main.c:881:6:HAL_UART_RxCpltCallback	48	static
main.c:960:6:Error_Handler	4	static
