stm32f4xx_it.c:78:6:NMI_Handler	4	static
stm32f4xx_it.c:91:6:HardFault_Handler	4	static
stm32f4xx_it.c:106:6:MemManage_Handler	4	static
stm32f4xx_it.c:121:6:BusFault_Handler	4	static
stm32f4xx_it.c:136:6:UsageFault_Handler	4	static
stm32f4xx_it.c:151:6:SVC_Handler	4	static
stm32f4xx_it.c:164:6:DebugMon_Handler	4	static
stm32f4xx_it.c:177:6:PendSV_Handler	4	static
stm32f4xx_it.c:190:6:SysTick_Handler	8	static
stm32f4xx_it.c:234:6:DMA1_Stream1_IRQHandler	8	static
stm32f4xx_it.c:248:6:DMA1_Stream2_IRQHandler	8	static
stm32f4xx_it.c:262:6:ADC_IRQHandler	8	static
stm32f4xx_it.c:276:6:USART1_IRQHandler	16	static
stm32f4xx_it.c:295:6:USART3_IRQHandler	16	static
stm32f4xx_it.c:314:6:UART4_IRQHandler	16	static
stm32f4xx_it.c:333:6:DMA2_Stream2_IRQHandler	8	static
